This is pdfTeX, Version 3.141592653-2.6-1.40.24 (TeX Live 2022/Debian) (preloaded format=pdflatex 2024.9.27)  13 JAN 2025 01:48
entering extended mode
 restricted \write18 enabled.
 %&-line parsing enabled.
**main.tex
(./main.tex
LaTeX2e <2022-11-01> patch level 1
L3 programming layer <2023-01-16>
(/usr/share/texlive/texmf-dist/tex/latex/base/article.cls
Document Class: article 2022/07/02 v1.4n Standard LaTeX document class
(/usr/share/texlive/texmf-dist/tex/latex/base/size10.clo
File: size10.clo 2022/07/02 v1.4n Standard LaTeX file (size option)
)
\c@part=\count185
\c@section=\count186
\c@subsection=\count187
\c@subsubsection=\count188
\c@paragraph=\count189
\c@subparagraph=\count190
\c@figure=\count191
\c@table=\count192
\abovecaptionskip=\skip48
\belowcaptionskip=\skip49
\bibindent=\dimen140
)
(/usr/share/texlive/texmf-dist/tex/latex/preprint/fullpage.sty
Package: fullpage 1999/02/23 1.1 (PWD)
\FP@margin=\skip50
)
(/usr/share/texlive/texmf-dist/tex/latex/graphics/graphicx.sty
Package: graphicx 2021/09/16 v1.2d Enhanced LaTeX Graphics (DPC,SPQR)

(/usr/share/texlive/texmf-dist/tex/latex/graphics/keyval.sty
Package: keyval 2022/05/29 v1.15 key=value parser (DPC)
\KV@toks@=\toks16
)
(/usr/share/texlive/texmf-dist/tex/latex/graphics/graphics.sty
Package: graphics 2022/03/10 v1.4e Standard LaTeX Graphics (DPC,SPQR)

(/usr/share/texlive/texmf-dist/tex/latex/graphics/trig.sty
Package: trig 2021/08/11 v1.11 sin cos tan (DPC)
)
(/usr/share/texlive/texmf-dist/tex/latex/graphics-cfg/graphics.cfg
File: graphics.cfg 2016/06/04 v1.11 sample graphics configuration
)
Package graphics Info: Driver file: pdftex.def on input line 107.

(/usr/share/texlive/texmf-dist/tex/latex/graphics-def/pdftex.def
File: pdftex.def 2022/09/22 v1.2b Graphics/color driver for pdftex
))
\Gin@req@height=\dimen141
\Gin@req@width=\dimen142
)
(/usr/share/texlive/texmf-dist/tex/latex/tools/array.sty
Package: array 2022/09/04 v2.5g Tabular extension package (FMi)
\col@sep=\dimen143
\ar@mcellbox=\box51
\extrarowheight=\dimen144
\NC@list=\toks17
\extratabsurround=\skip51
\backup@length=\skip52
\ar@cellbox=\box52
)
(/usr/share/texlive/texmf-dist/tex/latex/booktabs/booktabs.sty
Package: booktabs 2020/01/12 v1.61803398 Publication quality tables
\heavyrulewidth=\dimen145
\lightrulewidth=\dimen146
\cmidrulewidth=\dimen147
\belowrulesep=\dimen148
\belowbottomsep=\dimen149
\aboverulesep=\dimen150
\abovetopsep=\dimen151
\cmidrulesep=\dimen152
\cmidrulekern=\dimen153
\defaultaddspace=\dimen154
\@cmidla=\count193
\@cmidlb=\count194
\@aboverulesep=\dimen155
\@belowrulesep=\dimen156
\@thisruleclass=\count195
\@lastruleclass=\count196
\@thisrulewidth=\dimen157
)
(/usr/share/texlive/texmf-dist/tex/latex/base/inputenc.sty
Package: inputenc 2021/02/14 v1.3d Input encoding file
\inpenc@prehook=\toks18
\inpenc@posthook=\toks19
)
(/usr/share/texlive/texmf-dist/tex/latex/base/fontenc.sty
Package: fontenc 2021/04/29 v2.0v Standard LaTeX package
)
(/usr/share/texlive/texmf-dist/tex/latex/url/url.sty
\Urlmuskip=\muskip16
Package: url 2013/09/16  ver 3.4  Verb mode for urls, etc.
)
(/usr/share/texlive/texmf-dist/tex/generic/babel/babel.sty
Package: babel 2022/12/26 3.84 The Babel package
\babel@savecnt=\count197
\U@D=\dimen158
\l@unhyphenated=\language87

(/usr/share/texlive/texmf-dist/tex/generic/babel/txtbabel.def)
\bbl@readstream=\read2
\bbl@dirlevel=\count198

(/usr/share/texlive/texmf-dist/tex/generic/babel-spanish/spanish.ldf
Language: spanish.ldf 2021/05/27 v5.0q Spanish support from the babel system
\es@quottoks=\toks20
\es@quotdepth=\count199
Package babel Info: Making " an active character on input line 570.
Package babel Info: Making . an active character on input line 675.
Package babel Info: Making < an active character on input line 722.
Package babel Info: Making > an active character on input line 722.
))
(/usr/share/texlive/texmf-dist/tex/generic/babel/locale/es/babel-spanish.tex
Package babel Info: Importing font and identification data for spanish
(babel)             from babel-es.ini. Reported on input line 11.
)
(/usr/share/texlive/texmf-dist/tex/latex/float/float.sty
Package: float 2001/11/08 v1.3d Float enhancements (AL)
\c@float@type=\count266
\float@exts=\toks21
\float@box=\box53
\@float@everytoks=\toks22
\@floatcapt=\box54
)
(/usr/share/texlive/texmf-dist/tex/latex/listings/listings.sty
\lst@mode=\count267
\lst@gtempboxa=\box55
\lst@token=\toks23
\lst@length=\count268
\lst@currlwidth=\dimen159
\lst@column=\count269
\lst@pos=\count270
\lst@lostspace=\dimen160
\lst@width=\dimen161
\lst@newlines=\count271
\lst@lineno=\count272
\lst@maxwidth=\dimen162

(/usr/share/texlive/texmf-dist/tex/latex/listings/lstmisc.sty
File: lstmisc.sty 2020/03/24 1.8d (Carsten Heinz)
\c@lstnumber=\count273
\lst@skipnumbers=\count274
\lst@framebox=\box56
)
(/usr/share/texlive/texmf-dist/tex/latex/listings/listings.cfg
File: listings.cfg 2020/03/24 1.8d listings configuration
))
Package: listings 2020/03/24 1.8d (Carsten Heinz)

(/usr/share/texlive/texmf-dist/tex/latex/xcolor/xcolor.sty
Package: xcolor 2022/06/12 v2.14 LaTeX color extensions (UK)

(/usr/share/texlive/texmf-dist/tex/latex/graphics-cfg/color.cfg
File: color.cfg 2016/01/02 v1.6 sample color configuration
)
Package xcolor Info: Driver file: pdftex.def on input line 227.

(/usr/share/texlive/texmf-dist/tex/latex/graphics/mathcolor.ltx)
Package xcolor Info: Model `cmy' substituted by `cmy0' on input line 1353.
Package xcolor Info: Model `hsb' substituted by `rgb' on input line 1357.
Package xcolor Info: Model `RGB' extended on input line 1369.
Package xcolor Info: Model `HTML' substituted by `rgb' on input line 1371.
Package xcolor Info: Model `Hsb' substituted by `hsb' on input line 1372.
Package xcolor Info: Model `tHsb' substituted by `hsb' on input line 1373.
Package xcolor Info: Model `HSB' substituted by `hsb' on input line 1374.
Package xcolor Info: Model `Gray' substituted by `gray' on input line 1375.
Package xcolor Info: Model `wave' substituted by `hsb' on input line 1376.
)
(/usr/share/texlive/texmf-dist/tex/latex/l3backend/l3backend-pdftex.def
File: l3backend-pdftex.def 2023-01-16 L3 backend support: PDF output (pdfTeX)
\l__color_backend_stack_int=\count275
\l__pdf_internal_box=\box57
)
(./main.aux
LaTeX Info: Redefining \. on input line 8.
LaTeX Info: Redefining \% on input line 8.


LaTeX Warning: Label `lst:consulta1' multiply defined.


LaTeX Warning: Label `lst:consulta1' multiply defined.


LaTeX Warning: Label `lst:consulta1' multiply defined.


LaTeX Warning: Label `lst:consulta1' multiply defined.


LaTeX Warning: Label `lst:consulta1' multiply defined.

)
\openout1 = `main.aux'.

LaTeX Font Info:    Checking defaults for OML/cmm/m/it on input line 54.
LaTeX Font Info:    ... okay on input line 54.
LaTeX Font Info:    Checking defaults for OMS/cmsy/m/n on input line 54.
LaTeX Font Info:    ... okay on input line 54.
LaTeX Font Info:    Checking defaults for OT1/cmr/m/n on input line 54.
LaTeX Font Info:    ... okay on input line 54.
LaTeX Font Info:    Checking defaults for T1/cmr/m/n on input line 54.
LaTeX Font Info:    ... okay on input line 54.
LaTeX Font Info:    Checking defaults for TS1/cmr/m/n on input line 54.
LaTeX Font Info:    ... okay on input line 54.
LaTeX Font Info:    Checking defaults for OMX/cmex/m/n on input line 54.
LaTeX Font Info:    ... okay on input line 54.
LaTeX Font Info:    Checking defaults for U/cmr/m/n on input line 54.
LaTeX Font Info:    ... okay on input line 54.
 (/usr/share/texlive/texmf-dist/tex/context/base/mkii/supp-pdf.mkii
[Loading MPS to PDF converter (version 2006.09.02).]
\scratchcounter=\count276
\scratchdimen=\dimen163
\scratchbox=\box58
\nofMPsegments=\count277
\nofMParguments=\count278
\everyMPshowfont=\toks24
\MPscratchCnt=\count279
\MPscratchDim=\dimen164
\MPnumerator=\count280
\makeMPintoPDFobject=\count281
\everyMPtoPDFconversion=\toks25
) (/usr/share/texlive/texmf-dist/tex/latex/epstopdf-pkg/epstopdf-base.sty
Package: epstopdf-base 2020-01-24 v2.11 Base part for package epstopdf
Package epstopdf-base Info: Redefining graphics rule for `.eps' on input line 4
85.

(/usr/share/texlive/texmf-dist/tex/latex/latexconfig/epstopdf-sys.cfg
File: epstopdf-sys.cfg 2010/07/13 v1.3 Configuration of (r)epstopdf for TeX Liv
e
))
LaTeX Info: Redefining \. on input line 54.
LaTeX Info: Redefining \% on input line 54.
\c@lstlisting=\count282
<images/uma_logo.jpg, id=1, 965.6075pt x 965.6075pt>
File: images/uma_logo.jpg Graphic file (type jpg)
<use images/uma_logo.jpg>
Package pdftex.def Info: images/uma_logo.jpg  used on input line 68.
(pdftex.def)             Requested size: 140.92793pt x 140.91563pt.

[1

{/var/lib/texmf/fonts/map/pdftex/updmap/pdftex.map} <./images/uma_logo.jpg>]
(./main.toc
LaTeX Info: Redefining \. on input line 1.
LaTeX Info: Redefining \% on input line 1.
LaTeX Font Info:    External font `cmex10' loaded for size
(Font)              <7> on input line 5.
LaTeX Font Info:    External font `cmex10' loaded for size
(Font)              <5> on input line 5.
)
\tf@toc=\write3
\openout3 = `main.toc'.

 [1]

! LaTeX Error: Something's wrong--perhaps a missing \item.

See the LaTeX manual or LaTeX Companion for explanation.
Type  H <return>  for immediate help.
 ...                                              
                                                  
l.101 \end{itemize}
                   
Try typing  <return>  to proceed.
If that doesn't work, type  X <return>  to quit.

<images/tutorial1.png, id=17, 1927.2pt x 1084.05pt>
File: images/tutorial1.png Graphic file (type png)
<use images/tutorial1.png>
Package pdftex.def Info: images/tutorial1.png  used on input line 120.
(pdftex.def)             Requested size: 469.75502pt x 264.22992pt.
<images/tutorial2.png, id=19, 1927.2pt x 1084.05pt>
File: images/tutorial2.png Graphic file (type png)
<use images/tutorial2.png>
Package pdftex.def Info: images/tutorial2.png  used on input line 130.
(pdftex.def)             Requested size: 469.75502pt x 264.22992pt.
[2 <./images/tutorial1.png>]
<images/tutorial3.png, id=25, 1927.2pt x 1084.05pt>
File: images/tutorial3.png Graphic file (type png)
<use images/tutorial3.png>
Package pdftex.def Info: images/tutorial3.png  used on input line 138.
(pdftex.def)             Requested size: 469.75502pt x 264.22992pt.
<images/tutorial4.png, id=26, 1927.2pt x 1084.05pt>
File: images/tutorial4.png Graphic file (type png)
<use images/tutorial4.png>
Package pdftex.def Info: images/tutorial4.png  used on input line 146.
(pdftex.def)             Requested size: 469.75502pt x 264.22992pt.
 [3 <./images/tutorial2.png> <./images/tutorial3.png>]
<images/tutorial5.png, id=32, 1927.2pt x 1084.05pt>
File: images/tutorial5.png Graphic file (type png)
<use images/tutorial5.png>
Package pdftex.def Info: images/tutorial5.png  used on input line 154.
(pdftex.def)             Requested size: 469.75502pt x 264.22992pt.
<images/tutorial6.png, id=33, 1927.2pt x 1084.05pt>
File: images/tutorial6.png Graphic file (type png)
<use images/tutorial6.png>
Package pdftex.def Info: images/tutorial6.png  used on input line 162.
(pdftex.def)             Requested size: 469.75502pt x 264.22992pt.
 [4 <./images/tutorial4.png> <./images/tutorial5.png>]
Underfull \hbox (badness 10000) in paragraph at lines 184--186

 []


Underfull \hbox (badness 10000) in paragraph at lines 187--189

 []

<images/tipo1.png, id=39, 211.54031pt x 363.60844pt>
File: images/tipo1.png Graphic file (type png)
<use images/tipo1.png>
Package pdftex.def Info: images/tipo1.png  used on input line 192.
(pdftex.def)             Requested size: 164.41711pt x 282.6203pt.
[5 <./images/tutorial6.png>]
<images/seleccion1-1.png, id=44, 196.48407pt x 140.77594pt>
File: images/seleccion1-1.png Graphic file (type png)
<use images/seleccion1-1.png>
Package pdftex.def Info: images/seleccion1-1.png  used on input line 200.
(pdftex.def)             Requested size: 187.89914pt x 134.63425pt.
<images/seleccion1-2.png, id=45, 212.29312pt x 143.03438pt>
File: images/seleccion1-2.png Graphic file (type png)
<use images/seleccion1-2.png>
Package pdftex.def Info: images/seleccion1-2.png  used on input line 208.
(pdftex.def)             Requested size: 187.89914pt x 126.60394pt.
 [6 <./images/tipo1.png> <./images/seleccion1-1.png>]
<images/tabla1.png, id=52, 341.77687pt x 461.47406pt>
File: images/tabla1.png Graphic file (type png)
<use images/tabla1.png>
Package pdftex.def Info: images/tabla1.png  used on input line 216.
(pdftex.def)             Requested size: 234.8775pt x 317.14291pt.
 (/usr/share/texlive/texmf-dist/tex/latex/listings/lstlang1.sty
File: lstlang1.sty 2020/03/24 1.8d listings language file
)
LaTeX Font Info:    Trying to load font information for T1+cmtt on input line 2
22.

(/usr/share/texlive/texmf-dist/tex/latex/base/t1cmtt.fd
File: t1cmtt.fd 2022/07/10 v2.5l Standard LaTeX font definitions
) [7 <./images/seleccion1-2.png> <./images/tabla1.png>]
<images/consulta1.png, id=60, 231.11343pt x 320.69812pt>
File: images/consulta1.png Graphic file (type png)
<use images/consulta1.png>
Package pdftex.def Info: images/consulta1.png  used on input line 240.
(pdftex.def)             Requested size: 164.41711pt x 228.14745pt.

Underfull \hbox (badness 10000) in paragraph at lines 248--250

 []


Underfull \hbox (badness 10000) in paragraph at lines 251--253

 []

<images/tipo2.png, id=61, 230.36063pt x 362.10281pt>
File: images/tipo2.png Graphic file (type png)
<use images/tipo2.png>
Package pdftex.def Info: images/tipo2.png  used on input line 256.
(pdftex.def)             Requested size: 164.41711pt x 258.44295pt.
[8 <./images/consulta1.png>]
<images/seleccion2.png, id=66, 193.47281pt x 296.60812pt>
File: images/seleccion2.png Graphic file (type png)
<use images/seleccion2.png>
Package pdftex.def Info: images/seleccion2.png  used on input line 264.
(pdftex.def)             Requested size: 187.89914pt x 288.06706pt.
 [9 <./images/tipo2.png>]
<images/tabla2.png, id=71, 470.50781pt x 218.31563pt>
File: images/tabla2.png Graphic file (type png)
<use images/tabla2.png>
Package pdftex.def Info: images/tabla2.png  used on input line 273.
(pdftex.def)             Requested size: 328.82707pt x 152.5767pt.
 [10 <./images/seleccion2.png> <./images/tabla2.png>]
File: images/consulta1.png Graphic file (type png)
<use images/consulta1.png>
Package pdftex.def Info: images/consulta1.png  used on input line 301.
(pdftex.def)             Requested size: 164.41711pt x 228.14745pt.

Underfull \hbox (badness 10000) in paragraph at lines 308--310

 []


Underfull \hbox (badness 10000) in paragraph at lines 311--313

 []

<images/tipo3.png, id=77, 332.74312pt x 356.83313pt>
File: images/tipo3.png Graphic file (type png)
<use images/tipo3.png>
Package pdftex.def Info: images/tipo3.png  used on input line 316.
(pdftex.def)             Requested size: 164.41711pt x 176.31985pt.
[11]
<images/seleccion3.png, id=81, 191.9672pt x 353.06906pt>
File: images/seleccion3.png Graphic file (type png)
<use images/seleccion3.png>
Package pdftex.def Info: images/seleccion3.png  used on input line 324.
(pdftex.def)             Requested size: 164.41711pt x 302.41591pt.
<images/tabla3.png, id=82, 478.78876pt x 242.40562pt>
File: images/tabla3.png Graphic file (type png)
<use images/tabla3.png>
Package pdftex.def Info: images/tabla3.png  used on input line 333.
(pdftex.def)             Requested size: 328.82707pt x 166.48329pt.
 [12 <./images/tipo3.png> <./images/seleccion3.png>]
File: images/consulta1.png Graphic file (type png)
<use images/consulta1.png>
Package pdftex.def Info: images/consulta1.png  used on input line 357.
(pdftex.def)             Requested size: 164.41711pt x 228.14745pt.
 [13 <./images/tabla3.png>]
Underfull \hbox (badness 10000) in paragraph at lines 364--366

 []


Underfull \hbox (badness 10000) in paragraph at lines 367--369

 []

<images/tipo4.png, id=93, 265.74281pt x 350.05782pt>
File: images/tipo4.png Graphic file (type png)
<use images/tipo4.png>
Package pdftex.def Info: images/tipo4.png  used on input line 372.
(pdftex.def)             Requested size: 164.41711pt x 216.58492pt.
<images/seleccion4.png, id=94, 196.48407pt x 411.78844pt>
File: images/seleccion4.png Graphic file (type png)
<use images/seleccion4.png>
Package pdftex.def Info: images/seleccion4.png  used on input line 380.
(pdftex.def)             Requested size: 164.41711pt x 344.60553pt.
[14 <./images/tipo4.png>]
<images/tabla4.png, id=99, 517.935pt x 307.1475pt>
File: images/tabla4.png Graphic file (type png)
<use images/tabla4.png>
Package pdftex.def Info: images/tabla4.png  used on input line 389.
(pdftex.def)             Requested size: 328.82707pt x 195.00836pt.
 [15 <./images/seleccion4.png>]
<images/consulta4.png, id=104, 309.40594pt x 236.38312pt>
File: images/consulta4.png Graphic file (type png)
<use images/consulta4.png>
Package pdftex.def Info: images/consulta4.png  used on input line 413.
(pdftex.def)             Requested size: 211.38832pt x 161.50305pt.

Underfull \hbox (badness 10000) in paragraph at lines 420--422

 []

[16 <./images/tabla4.png> <./images/consulta4.png>]
Underfull \hbox (badness 10000) in paragraph at lines 423--425

 []

<images/tipo5.png, id=110, 316.18124pt x 347.04657pt>
File: images/tipo5.png Graphic file (type png)
<use images/tipo5.png>
Package pdftex.def Info: images/tipo5.png  used on input line 428.
(pdftex.def)             Requested size: 164.41711pt x 180.47054pt.
<images/seleccion5-1.png, id=111, 191.21437pt x 135.50626pt>
File: images/seleccion5-1.png Graphic file (type png)
<use images/seleccion5-1.png>
Package pdftex.def Info: images/seleccion5-1.png  used on input line 436.
(pdftex.def)             Requested size: 187.89914pt x 133.16324pt.
<images/seleccion5-2.png, id=112, 200.24812pt x 298.86656pt>
File: images/seleccion5-2.png Graphic file (type png)
<use images/seleccion5-2.png>
Package pdftex.def Info: images/seleccion5-2.png  used on input line 444.
(pdftex.def)             Requested size: 164.41711pt x 245.40506pt.
[17 <./images/tipo5.png> <./images/seleccion5-1.png>]
<images/tabla5.png, id=118, 636.12656pt x 298.11375pt>
File: images/tabla5.png Graphic file (type png)
<use images/tabla5.png>
Package pdftex.def Info: images/tabla5.png  used on input line 452.
(pdftex.def)             Requested size: 328.82707pt x 154.10117pt.
 [18 <./images/seleccion5-2.png> <./images/tabla5.png>]
<images/consulta5.png, id=125, 639.89063pt x 330.48468pt>
File: images/consulta5.png Graphic file (type png)
<use images/consulta5.png>
Package pdftex.def Info: images/consulta5.png  used on input line 476.
(pdftex.def)             Requested size: 305.33789pt x 157.69792pt.

Underfull \hbox (badness 10000) in paragraph at lines 483--485

 []


Underfull \hbox (badness 10000) in paragraph at lines 486--488

 []

<images/tipo6.png, id=126, 204.765pt x 346.29375pt>
File: images/tipo6.png Graphic file (type png)
<use images/tipo6.png>
Package pdftex.def Info: images/tipo6.png  used on input line 491.
(pdftex.def)             Requested size: 164.41711pt x 278.07631pt.
[19 <./images/consulta5.png>]
<images/seleccion6-1.png, id=131, 194.22563pt x 138.5175pt>
File: images/seleccion6-1.png Graphic file (type png)
<use images/seleccion6-1.png>
Package pdftex.def Info: images/seleccion6-1.png  used on input line 499.
(pdftex.def)             Requested size: 187.89914pt x 134.00882pt.
<images/seleccion6-2.png, id=132, 191.9672pt x 459.21562pt>
File: images/seleccion6-2.png Graphic file (type png)
<use images/seleccion6-2.png>
Package pdftex.def Info: images/seleccion6-2.png  used on input line 507.
(pdftex.def)             Requested size: 164.41711pt x 393.33414pt.
 [20 <./images/tipo6.png> <./images/seleccion6-1.png>]
<images/tabla6.png, id=138, 269.50688pt x 374.90062pt>
File: images/tabla6.png Graphic file (type png)
<use images/tabla6.png>
Package pdftex.def Info: images/tabla6.png  used on input line 515.
(pdftex.def)             Requested size: 234.8775pt x 326.73296pt.
 [21 <./images/seleccion6-2.png>]
<images/consulta6.png, id=143, 296.60812pt x 322.95656pt>
File: images/consulta6.png Graphic file (type png)
<use images/consulta6.png>
Package pdftex.def Info: images/consulta6.png  used on input line 542.
(pdftex.def)             Requested size: 187.89914pt x 204.59712pt.
 [22 <./images/tabla6.png>] [23 <./images/consulta6.png>] (./main.bbl) [24] (./
main.aux
LaTeX Info: Redefining \. on input line 8.
LaTeX Info: Redefining \% on input line 8.
)

LaTeX Warning: There were multiply-defined labels.

 ) 
Here is how much of TeX's memory you used:
 5956 strings out of 476091
 89888 string characters out of 5794081
 1895330 words of memory out of 5000000
 26261 multiletter control sequences out of 15000+600000
 522841 words of font info for 47 fonts, out of 8000000 for 9000
 1141 hyphenation exceptions out of 8191
 57i,6n,62p,411b,1950s stack positions out of 10000i,1000n,20000p,200000b,200000s
{/usr/share/texmf/fonts/enc/dvips/cm-super/cm-super-t1.enc}</usr/share/texmf/
fonts/type1/public/cm-super/sfbx1000.pfb></usr/share/texmf/fonts/type1/public/c
m-super/sfbx1200.pfb></usr/share/texmf/fonts/type1/public/cm-super/sfbx1440.pfb
></usr/share/texmf/fonts/type1/public/cm-super/sfbx1728.pfb></usr/share/texmf/f
onts/type1/public/cm-super/sfbx2488.pfb></usr/share/texmf/fonts/type1/public/cm
-super/sfrm0500.pfb></usr/share/texmf/fonts/type1/public/cm-super/sfrm1000.pfb>
</usr/share/texmf/fonts/type1/public/cm-super/sfrm1200.pfb></usr/share/texmf/fo
nts/type1/public/cm-super/sfti1200.pfb></usr/share/texmf/fonts/type1/public/cm-
super/sftt0900.pfb></usr/share/texmf/fonts/type1/public/cm-super/sftt1000.pfb>
Output written on main.pdf (25 pages, 2779148 bytes).
PDF statistics:
 205 PDF objects out of 1000 (max. 8388607)
 92 compressed objects within 1 object stream
 0 named destinations out of 1000 (max. 500000)
 161 words of extra memory for PDF output out of 10000 (max. 10000000)

